src/app/summaries/StoryGenerator.tsx(9,28): error TS2305: Module '"@/lib/summaryUsageDaily"' has no exported member 'SummaryQuota'.
src/app/summaries/StoryGenerator.tsx(10,19): error TS2307: Cannot find module 'jspdf' or its corresponding type declarations.
